СДЕЛАТЬ: 
+Таб превратить в два пробела
Настроить нумерацию строк
Посмотреть Wim
 


ulanov@ubuntu:~/Ruby/1$ ruby hello_world.rb
hello world

ulanov@ubuntu:~/Ruby/1$ ruby hello_world.rb Roman Snitko
hello world
My name is Roman Snitko

ulanov@ubuntu:~/Ruby/1$ ruby hello_world.rb 7 5
75

В число: .to_i

ulanov@ubuntu:~/Ruby/1$ ruby hello_world.rb 7 5   
12


Работа с git


ulanov@ubuntu:~/Ruby/1$ git -v
Unknown option: -v
usage: git [--version] [--exec-path[=<path>]] [--html-path]
           [-p|--paginate|--no-pager] [--no-replace-objects]
           [--bare] [--git-dir=<path>] [--work-tree=<path>]
           [-c name=value] [--help]
           <command> [<args>]
ulanov@ubuntu:~/Ruby/1$ git --version
git version 1.7.5.4

Создание репозитария

ulanov@ubuntu:~/Ruby/1$ git init
Initialized empty Git repository in /home/ulanov/Ruby/1/.git/
ulanov@ubuntu:~/Ruby/1$ git status
# On branch master
#
# Initial commit
#
# Untracked files:
#   (use "git add <file>..." to include in what will be committed)
#
#	hello_world.rb
#	hello_world.rb~
nothing added to commit but untracked files present (use "git add" to track)

Добавление конкретного файла (всех просто . ):  

ulanov@ubuntu:~/Ruby/1$ git add hello_world.rb


ulanov@ubuntu:~/Ruby/1$ git status
# On branch master
#
# Initial commit
#
# Changes to be committed:
#   (use "git rm --cached <file>..." to unstage)
#
#	new file:   hello_world.rb
#
# Untracked files:
#   (use "git add <file>..." to include in what will be committed)
#
#	hello_world.rb~


Добавление commit


ulanov@ubuntu:~/Ruby/1$ git commit -a -m "Добавили метод greet, который выводит приветствие с именем пользователя"
[master (root-commit) a8aa6fe] Добавили метод greet, который выводит приветствие с именем пользователя
 Committer: ubuntu <ulanov@ubuntu.(none)>
Your name and email address were configured automatically based
on your username and hostname. Please check that they are accurate.
You can suppress this message by setting them explicitly:

    git config --global user.name "Your Name"
    git config --global user.email you@example.com

After doing this, you may fix the identity used for this commit with:

    git commit --amend --reset-author

 1 files changed, 16 insertions(+), 0 deletions(-)
 create mode 100644 hello_world.rb


ulanov@ubuntu:~/Ruby/1$ git config --global user.name "Yury Ulanov"
ulanov@ubuntu:~/Ruby/1$ git config --global user.email ulanov.yg@gmail.com

Команда git log показывает списко commitов


ulanov@ubuntu:~/Ruby/1$ git log
commit a8aa6fe9907bbb7c83315d6f9525c8ce25b74986     -          Это идентификатор коммита
Author: ubuntu <ulanov@ubuntu.(none)>
Date:   Mon Mar 12 14:17:29 2012 +0400

    Добавили метод greet, который выводит приветствие с именем пользователя


Показать изменения в коммите: git show a8aa6fe99


ulanov@ubuntu:~/Ruby/1$ git show a8aa6fe99
commit a8aa6fe9907bbb7c83315d6f9525c8ce25b74986
Author: ubuntu <ulanov@ubuntu.(none)>
Date:   Mon Mar 12 14:17:29 2012 +0400

    Добавили метод greet, который выводит приветствие с именем пользователя
commit a8aa6fe9907bbb7c83315d6f9525c8ce25b74986
Author: ubuntu <ulanov@ubuntu.(none)>
Date:   Mon Mar 12 14:17:29 2012 +0400

    Добавили метод greet, который выводит приветствие с именем пользователя

diff --git a/hello_world.rb b/hello_world.rb
new file mode 100644
index 0000000..9e489c3
--- /dev/null
+++ b/hello_world.rb
@@ -0,0 +1,16 @@
+def greet(first_name="John", last_name="Doe")
+  my_name = first_name  + " " + last_name
+  "My name is " + my_name
+end
+
+
+result = if ARGV.size >= 2
+  greet(ARGV[0],ARGV[1])
+elsif ARGV.size == 1
+  greet(ARGV[0])
+else
+  greet
+end
+
+puts result
+


Показать изменения: git diff a8aa6fe99

ulanov@ubuntu:~/Ruby/1$ git diff a8aa6fe99
diff --git a/hello_world.rb b/hello_world.rb
index 9e489c3..d65df29 100644
--- a/hello_world.rb
+++ b/hello_world.rb
@@ -12,5 +12,3 @@ else
   greet
 end
 
-puts result
-
ulanov@ubuntu:~/Ruby/1$ git diff a8aa6fe99
diff --git a/hello_world.rb b/hello_world.rb
index 9e489c3..d235a69 100644
--- a/hello_world.rb
+++ b/hello_world.rb
@@ -12,5 +12,5 @@ else
   greet
 end
 
-puts result
+print result
 

Перемещения по директориям:

ulanov@ubuntu:~/Ruby/1$ cd ../
ulanov@ubuntu:~/Ruby$ ls
1
ulanov@ubuntu:~/Ruby$ cd ../

Просмотр содержимого: ls

ulanov@ubuntu:~$ ls
Desktop    examples.desktop  Public     Videos
Documents  Music             Ruby       VMwareTools-8.8.2-590212.tar.gz
Downloads  Pictures          Templates  vmware-tools-distrib

Перейти в нужную папку: cd Ruby/1
Символ  ~ это коренвая папка пользователя

ulanov@ubuntu:~$ cd Ruby/1





ulanov@ubuntu:~/Ruby/1$ ruby hello_world.rb
My name is John Doe
Johnmy friends
ulanov@ubuntu:~/Ruby/1$ ruby hello_world.rb Goodbye
My name is Goodbye Doe
Goodbye , my friends
ulanov@ubuntu:~/Ruby/1$ ruby hello_world.rb bye
My name is bye Doe
bye , my friends
ulanov@ubuntu:~/Ruby/1$ git commit -a -m "Добавил метод goodbye"
[master f4fb6e7] Добавил метод goodbye
 1 files changed, 5 insertions(+), 0 deletions(-)
ulanov@ubuntu:~/Ruby/1$ git log
commit f4fb6e710150d6e6ac68f584bd8b739b7eb15fa3
Author: Yury Ulanov <ulanov.yg@gmail.com>
Date:   Mon Mar 12 14:33:44 2012 +0400

    Добавил метод goodbye

commit a8aa6fe9907bbb7c83315d6f9525c8ce25b74986
Author: ubuntu <ulanov@ubuntu.(none)>
Date:   Mon Mar 12 14:17:29 2012 +0400

    Добавили метод greet, который выводит приветствие с именем пользователя
ulanov@ubuntu:~/Ruby/1$ git status
# On branch master
# Untracked files:
#   (use "git add <file>..." to include in what will be committed)
#
#	hello_world.rb~
nothing added to commit but untracked files present (use "git add" to track)
ulanov@ubuntu:~/Ruby/1$ 

